[www.primefaces.org/poseidon/index.html]
[backblue.gif]
[fade.gif]
[index.html]
[www.primefaces.org/poseidon/javax.faces.resource/primeicons/primeicons.css.xhtml;jsessionid=node01m2zevqt1qflfu4yhsdcf78b21042203ced1.css]
[www.primefaces.org/poseidon/javax.faces.resource/theme.css.xhtml;jsessionid=node01m2zevqt1qflfu4yhsdcf78b21042203b235.css]
[www.primefaces.org/poseidon/javax.faces.resource/fa/font-awesome.css.xhtml;jsessionid=node01m2zevqt1qflfu4yhsdcf78b21042203ced1.css]
[www.primefaces.org/poseidon/javax.faces.resource/components.css.xhtml;jsessionid=node01m2zevqt1qflfu4yhsdcf78b21042203ced1.css]
[www.primefaces.org/poseidon/javax.faces.resource/core.js.xhtml;jsessionid=node01m2zevqt1qflfu4yhsdcf78b21042203ced1.node0]
[www.primefaces.org/poseidon/javax.faces.resource/jquery/jquery.js.xhtml;jsessionid=node01m2zevqt1qflfu4yhsdcf78b21042203ced1.node0]
[www.primefaces.org/poseidon/javax.faces.resource/inputswitch/inputswitch.css.xhtml;jsessionid=node01m2zevqt1qflfu4yhsdcf78b21042203ced1.css]
[www.primefaces.org/poseidon/javax.faces.resource/components.js.xhtml;jsessionid=node01m2zevqt1qflfu4yhsdcf78b21042203ced1.node0]
[www.primefaces.org/poseidon/javax.faces.resource/jquery/jquery-plugins.js.xhtml;jsessionid=node01m2zevqt1qflfu4yhsdcf78b21042203ced1.node0]
[www.primefaces.org/poseidon/javax.faces.resource/inputswitch/inputswitch.js.xhtml;jsessionid=node01m2zevqt1qflfu4yhsdcf78b21042203ced1.node0]
[www.primefaces.org/poseidon/javax.faces.resource/touch/touchswipe.js.xhtml;jsessionid=node01m2zevqt1qflfu4yhsdcf78b21042203ced1.node0]
[www.primefaces.org/poseidon/javax.faces.resource/css/primeflex.min.css.xhtml;jsessionid=node01m2zevqt1qflfu4yhsdcf78b210422039faa.css]
[www.primefaces.org/poseidon/javax.faces.resource/css/primeicons.css.xhtml;jsessionid=node01m2zevqt1qflfu4yhsdcf78b210422039faa.css]
[www.primefaces.org/poseidon/javax.faces.resource/css/demo-light.css.xhtml;jsessionid=node01m2zevqt1qflfu4yhsdcf78b210422039b08.css]
[www.primefaces.org/poseidon/javax.faces.resource/js/layout.js.xhtml;jsessionid=node01m2zevqt1qflfu4yhsdcf78b210422039faa.node0]
[www.primefaces.org/poseidon/javax.faces.resource/css/layout-light.css.xhtml;jsessionid=node01m2zevqt1qflfu4yhsdcf78b210422039faa.css]
[www.primefaces.org/poseidon/javax.faces.resource/js/prism.js.xhtml;jsessionid=node01m2zevqt1qflfu4yhsdcf78b210422039faa.node0]
[www.primefaces.org/poseidon/javax.faces.resource/js/chart.js.xhtml;jsessionid=node01m2zevqt1qflfu4yhsdcf78b210422039b08.node0]
[www.primefaces.org/poseidon/dashboard.xhtml;jsessionid=node01m2zevqt1qflfu4yhsdcf78b21042203.html]
[www.primefaces.org/poseidon/javax.faces.resource/images/logo-poseidon.png.xhtml;jsessionid=node01m2zevqt1qflfu4yhsdcf78b210422039faa.png]
[www.primefaces.org/poseidon/javax.faces.resource/images/dashboard/leader-1.png.xhtml;jsessionid=node01m2zevqt1qflfu4yhsdcf78b210422039b08.png]
[www.primefaces.org/poseidon/javax.faces.resource/images/dashboard/leader-2.png.xhtml;jsessionid=node01m2zevqt1qflfu4yhsdcf78b210422039b08.png]
[www.primefaces.org/poseidon/javax.faces.resource/images/dashboard/leader-3.png.xhtml;jsessionid=node01m2zevqt1qflfu4yhsdcf78b210422039b08.png]
[www.primefaces.org/poseidon/javax.faces.resource/images/dashboard/leader-4.png.xhtml;jsessionid=node01m2zevqt1qflfu4yhsdcf78b210422039b08.png]
[www.primefaces.org/poseidon/javax.faces.resource/images/avatar-profile.png.xhtml;jsessionid=node01m2zevqt1qflfu4yhsdcf78b210422039faa.png]
[www.primefaces.org/poseidon/formlayout.xhtml;jsessionid=node01m2zevqt1qflfu4yhsdcf78b21042203.html]
[www.primefaces.org/poseidon/input.xhtml;jsessionid=node01m2zevqt1qflfu4yhsdcf78b21042203.html]
[www.primefaces.org/poseidon/floatlabel.xhtml;jsessionid=node01m2zevqt1qflfu4yhsdcf78b21042203.html]
[www.primefaces.org/poseidon/invalidstate.xhtml;jsessionid=node01m2zevqt1qflfu4yhsdcf78b21042203.html]
[www.primefaces.org/poseidon/button.xhtml;jsessionid=node01m2zevqt1qflfu4yhsdcf78b21042203.html]
[www.primefaces.org/poseidon/table.xhtml;jsessionid=node01m2zevqt1qflfu4yhsdcf78b21042203.html]
[www.primefaces.org/poseidon/list.xhtml;jsessionid=node01m2zevqt1qflfu4yhsdcf78b21042203.html]
[www.primefaces.org/poseidon/tree.xhtml;jsessionid=node01m2zevqt1qflfu4yhsdcf78b21042203.html]
[www.primefaces.org/poseidon/panel.xhtml;jsessionid=node01m2zevqt1qflfu4yhsdcf78b21042203.html]
[www.primefaces.org/poseidon/menu.xhtml;jsessionid=node01m2zevqt1qflfu4yhsdcf78b21042203.html]
[www.primefaces.org/poseidon/overlay.xhtml;jsessionid=node01m2zevqt1qflfu4yhsdcf78b21042203.html]
[www.primefaces.org/poseidon/messages.xhtml;jsessionid=node01m2zevqt1qflfu4yhsdcf78b21042203.html]
[www.primefaces.org/poseidon/file.xhtml;jsessionid=node01m2zevqt1qflfu4yhsdcf78b21042203.html]
[www.primefaces.org/poseidon/charts.xhtml;jsessionid=node01m2zevqt1qflfu4yhsdcf78b21042203.html]
[www.primefaces.org/poseidon/misc.xhtml;jsessionid=node01m2zevqt1qflfu4yhsdcf78b21042203.html]
[www.primefaces.org/poseidon/display.xhtml;jsessionid=node01m2zevqt1qflfu4yhsdcf78b21042203.html]
[www.primefaces.org/poseidon/elevation.xhtml;jsessionid=node01m2zevqt1qflfu4yhsdcf78b21042203.html]
[www.primefaces.org/poseidon/flexbox.xhtml;jsessionid=node01m2zevqt1qflfu4yhsdcf78b21042203.html]
[www.primefaces.org/poseidon/icons.xhtml;jsessionid=node01m2zevqt1qflfu4yhsdcf78b21042203.html]
[www.primefaces.org/poseidon/text.xhtml;jsessionid=node01m2zevqt1qflfu4yhsdcf78b21042203.html]
[www.primefaces.org/poseidon/widgets.xhtml;jsessionid=node01m2zevqt1qflfu4yhsdcf78b21042203.html]
[www.primefaces.org/poseidon/grid.xhtml;jsessionid=node01m2zevqt1qflfu4yhsdcf78b21042203.html]
[www.primefaces.org/poseidon/spacing.xhtml;jsessionid=node01m2zevqt1qflfu4yhsdcf78b21042203.html]
[www.primefaces.org/poseidon/typography.xhtml;jsessionid=node01m2zevqt1qflfu4yhsdcf78b21042203.html]
[www.primefaces.org/poseidon/crud.xhtml;jsessionid=node01m2zevqt1qflfu4yhsdcf78b21042203.html]
[www.primefaces.org/poseidon/calendar.xhtml;jsessionid=node01m2zevqt1qflfu4yhsdcf78b21042203.html]
[www.primefaces.org/poseidon/chronoline.xhtml;jsessionid=node01m2zevqt1qflfu4yhsdcf78b21042203.html]
[www.primefaces.org/poseidon/landing.xhtml;jsessionid=node01m2zevqt1qflfu4yhsdcf78b21042203.html]
[www.primefaces.org/poseidon/login.xhtml;jsessionid=node01m2zevqt1qflfu4yhsdcf78b21042203.html]
[www.primefaces.org/poseidon/invoice.xhtml;jsessionid=node01m2zevqt1qflfu4yhsdcf78b21042203.html]
[www.primefaces.org/poseidon/help.xhtml;jsessionid=node01m2zevqt1qflfu4yhsdcf78b21042203.html]
[www.primefaces.org/poseidon/error.xhtml;jsessionid=node01m2zevqt1qflfu4yhsdcf78b21042203.html]
[www.primefaces.org/poseidon/notfound.xhtml;jsessionid=node01m2zevqt1qflfu4yhsdcf78b21042203.html]
[www.primefaces.org/poseidon/access.xhtml;jsessionid=node01m2zevqt1qflfu4yhsdcf78b21042203.html]
[www.primefaces.org/poseidon/empty.xhtml;jsessionid=node01m2zevqt1qflfu4yhsdcf78b21042203.html]
[www.primefaces.org/poseidon/documentation.xhtml;jsessionid=node01m2zevqt1qflfu4yhsdcf78b21042203.html]
[www.primefaces.org/poseidon/javax.faces.resource/images/dashboard/avatar-dengra.png.xhtml;jsessionid=node01m2zevqt1qflfu4yhsdcf78b210422039b08.png]
[www.primefaces.org/poseidon/javax.faces.resource/images/dashboard/avatar-conan.png.xhtml;jsessionid=node01m2zevqt1qflfu4yhsdcf78b210422039b08.png]
[www.primefaces.org/poseidon/javax.faces.resource/images/dashboard/seller-1.png.xhtml;jsessionid=node01m2zevqt1qflfu4yhsdcf78b210422039b08.png]
[www.primefaces.org/poseidon/javax.faces.resource/images/dashboard/image-product-1.png.xhtml;jsessionid=node01m2zevqt1qflfu4yhsdcf78b210422039b08.png]
[www.primefaces.org/poseidon/javax.faces.resource/images/dashboard/image-product-2.png.xhtml;jsessionid=node01m2zevqt1qflfu4yhsdcf78b210422039b08.png]
[www.primefaces.org/poseidon/javax.faces.resource/images/dashboard/image-product-3.png.xhtml;jsessionid=node01m2zevqt1qflfu4yhsdcf78b210422039b08.png]
[www.primefaces.org/poseidon/javax.faces.resource/images/dashboard/image-product-4.png.xhtml;jsessionid=node01m2zevqt1qflfu4yhsdcf78b210422039b08.png]
[www.primefaces.org/poseidon/javax.faces.resource/images/dashboard/image-product-5.png.xhtml;jsessionid=node01m2zevqt1qflfu4yhsdcf78b210422039b08.png]
[www.primefaces.org/poseidon/javax.faces.resource/images/dashboard/seller-2.png.xhtml;jsessionid=node01m2zevqt1qflfu4yhsdcf78b210422039b08.png]
[www.primefaces.org/poseidon/javax.faces.resource/images/dashboard/seller-3.png.xhtml;jsessionid=node01m2zevqt1qflfu4yhsdcf78b210422039b08.png]
[www.primefaces.org/poseidon/javax.faces.resource/images/dashboard/seller-4.png.xhtml;jsessionid=node01m2zevqt1qflfu4yhsdcf78b210422039b08.png]
[www.primefaces.org/poseidon/index.html]
[www.primefaces.org/poseidon/javax.faces.resource/theme.css.xhtml;jsessionid=node01m2zevqt1qflfu4yhsdcf78b21042203b235.css]
[www.primefaces.org/poseidon/javax.faces.resource/primeicons/primeicons.eotced1.xhtml]
[www.primefaces.org/poseidon/javax.faces.resource/primeicons/primeicons.ttfced1.xhtml]
[www.primefaces.org/poseidon/javax.faces.resource/primeicons/primeicons.woffced1.xhtml]
[www.primefaces.org/poseidon/javax.faces.resource/primeicons/primeicons.css.xhtml;jsessionid=node01m2zevqt1qflfu4yhsdcf78b21042203ced1.css]
[www.primefaces.org/poseidon/javax.faces.resource/fa/fontawesome-webfont.eot9482.xhtml]
[www.primefaces.org/poseidon/javax.faces.resource/fa/fontawesome-webfont.woff29482.xhtml]
[www.primefaces.org/poseidon/javax.faces.resource/fa/fontawesome-webfont.woff9482.xhtml]
[www.primefaces.org/poseidon/javax.faces.resource/fa/fontawesome-webfont.ttf9482.xhtml]
[www.primefaces.org/poseidon/javax.faces.resource/fa/font-awesome.css.xhtml;jsessionid=node01m2zevqt1qflfu4yhsdcf78b21042203ced1.css]
[www.primefaces.org/poseidon/javax.faces.resource/datascroller/images/loading.gifced1.gif]
[www.primefaces.org/poseidon/javax.faces.resource/forms/password-meter.pngced1.png]
[www.primefaces.org/poseidon/javax.faces.resource/messages/messages.pngced1.png]
[www.primefaces.org/poseidon/javax.faces.resource/lightbox/images/loading.gifced1.gif]
[www.primefaces.org/poseidon/javax.faces.resource/outputpanel/images/loading.gifced1.gif]
[www.primefaces.org/poseidon/javax.faces.resource/rating/rating.pngced1.png]
[www.primefaces.org/poseidon/javax.faces.resource/tree/images/line.gifced1.gif]
[www.primefaces.org/poseidon/javax.faces.resource/components.css.xhtml;jsessionid=node01m2zevqt1qflfu4yhsdcf78b21042203ced1.css]
[www.primefaces.org/poseidon/javax.faces.resource/inputswitch/inputswitch.css.xhtml;jsessionid=node01m2zevqt1qflfu4yhsdcf78b21042203ced1.css]
[www.primefaces.org/poseidon/javax.faces.resource/css/primeflex.min.css.xhtml;jsessionid=node01m2zevqt1qflfu4yhsdcf78b210422039faa.css]
[www.primefaces.org/poseidon/javax.faces.resource/icons/primeicons.eot9faa.xhtml]
[www.primefaces.org/poseidon/javax.faces.resource/icons/primeicons.ttf9faa.xhtml]
[www.primefaces.org/poseidon/javax.faces.resource/icons/primeicons.woff9faa.xhtml]
[www.primefaces.org/poseidon/javax.faces.resource/css/primeicons.css.xhtml;jsessionid=node01m2zevqt1qflfu4yhsdcf78b210422039faa.css]
[www.primefaces.org/poseidon/javax.faces.resource/css/demo-light.css.xhtml;jsessionid=node01m2zevqt1qflfu4yhsdcf78b210422039b08.css]
[www.primefaces.org/poseidon/javax.faces.resource/fonts/open-sans-v18-latin-ext_latin-300.eot9faa.xhtml]
[www.primefaces.org/poseidon/javax.faces.resource/fonts/open-sans-v18-latin-ext_latin-300.woff29faa.xhtml]
[www.primefaces.org/poseidon/javax.faces.resource/fonts/open-sans-v18-latin-ext_latin-300.woff9faa.xhtml]
[www.primefaces.org/poseidon/javax.faces.resource/fonts/open-sans-v18-latin-ext_latin-300.ttf9faa.xhtml]
[www.primefaces.org/poseidon/javax.faces.resource/fonts/open-sans-v18-latin-ext_latin-regular.eot9faa.xhtml]
[www.primefaces.org/poseidon/javax.faces.resource/fonts/open-sans-v18-latin-ext_latin-regular.woff29faa.xhtml]
[www.primefaces.org/poseidon/javax.faces.resource/fonts/open-sans-v18-latin-ext_latin-regular.woff9faa.xhtml]
[www.primefaces.org/poseidon/javax.faces.resource/fonts/open-sans-v18-latin-ext_latin-regular.ttf9faa.xhtml]
[www.primefaces.org/poseidon/javax.faces.resource/fonts/open-sans-v18-latin-ext_latin-600.eot9faa.xhtml]
[www.primefaces.org/poseidon/javax.faces.resource/fonts/open-sans-v18-latin-ext_latin-600.woff29faa.xhtml]
[www.primefaces.org/poseidon/javax.faces.resource/fonts/open-sans-v18-latin-ext_latin-600.woff9faa.xhtml]
[www.primefaces.org/poseidon/javax.faces.resource/fonts/open-sans-v18-latin-ext_latin-600.ttf9faa.xhtml]
[www.primefaces.org/poseidon/javax.faces.resource/fonts/open-sans-v18-latin-ext_latin-700.eot9faa.xhtml]
[www.primefaces.org/poseidon/javax.faces.resource/fonts/open-sans-v18-latin-ext_latin-700.woff29faa.xhtml]
[www.primefaces.org/poseidon/javax.faces.resource/fonts/open-sans-v18-latin-ext_latin-700.woff9faa.xhtml]
[www.primefaces.org/poseidon/javax.faces.resource/fonts/open-sans-v18-latin-ext_latin-700.ttf9faa.xhtml]
[www.primefaces.org/poseidon/javax.faces.resource/images/pages/asset-news.png9faa.png]
[www.primefaces.org/poseidon/javax.faces.resource/images/pages/asset-maps.png9faa.png]
[www.primefaces.org/poseidon/javax.faces.resource/images/pages/asset-cover.png9faa.png]
[www.primefaces.org/poseidon/javax.faces.resource/images/pages/bg-help.jpg9faa.jpg]
[www.primefaces.org/poseidon/javax.faces.resource/images/pages/help/blog1.jpg9faa.jpg]
[www.primefaces.org/poseidon/javax.faces.resource/images/pages/help/blog2.jpg9faa.jpg]
[www.primefaces.org/poseidon/javax.faces.resource/images/pages/help/blog3.jpg9faa.jpg]
[www.primefaces.org/poseidon/javax.faces.resource/css/layout-light.css.xhtml;jsessionid=node01m2zevqt1qflfu4yhsdcf78b210422039faa.css]
[www.primefaces.org/poseidon/javax.faces.resource/theme.cssb235.css]
[www.primefaces.org/poseidon/javax.faces.resource/primeicons/primeicons.cssced1.css]
[www.primefaces.org/poseidon/javax.faces.resource/fa/font-awesome.cssced1.css]
[www.primefaces.org/poseidon/javax.faces.resource/components.cssced1.css]
[www.primefaces.org/poseidon/javax.faces.resource/jquery/jquery.jsced1.xhtml]
[www.primefaces.org/poseidon/javax.faces.resource/core.jsced1.xhtml]
[www.primefaces.org/poseidon/javax.faces.resource/components.jsced1.xhtml]
[www.primefaces.org/poseidon/javax.faces.resource/jquery/jquery-plugins.jsced1.xhtml]
[www.primefaces.org/poseidon/javax.faces.resource/inputswitch/inputswitch.cssced1.css]
[www.primefaces.org/poseidon/javax.faces.resource/inputswitch/inputswitch.jsced1.xhtml]
[www.primefaces.org/poseidon/javax.faces.resource/touch/touchswipe.jsced1.xhtml]
[www.primefaces.org/poseidon/javax.faces.resource/css/primeflex.min.css9faa.css]
[www.primefaces.org/poseidon/javax.faces.resource/css/primeicons.css9faa.css]
[www.primefaces.org/poseidon/javax.faces.resource/css/demo-light.css9b08.css]
[www.primefaces.org/poseidon/javax.faces.resource/js/layout.js9faa.xhtml]
[www.primefaces.org/poseidon/javax.faces.resource/css/layout-light.css9faa.css]
[www.primefaces.org/poseidon/javax.faces.resource/js/prism.js9faa.xhtml]
[www.primefaces.org/poseidon/javax.faces.resource/js/chart.js9b08.xhtml]
[www.primefaces.org/poseidon/dashboard.html]
[www.primefaces.org/poseidon/javax.faces.resource/images/logo-poseidon.png9faa.png]
[www.primefaces.org/poseidon/javax.faces.resource/images/dashboard/leader-1.png9b08.png]
[www.primefaces.org/poseidon/javax.faces.resource/images/dashboard/leader-2.png9b08.png]
[www.primefaces.org/poseidon/javax.faces.resource/images/dashboard/leader-3.png9b08.png]
[www.primefaces.org/poseidon/javax.faces.resource/images/dashboard/leader-4.png9b08.png]
[www.primefaces.org/poseidon/javax.faces.resource/images/avatar-profile.png9faa.png]
[www.primefaces.org/poseidon/formlayout.html]
[www.primefaces.org/poseidon/input.html]
[www.primefaces.org/poseidon/floatlabel.html]
[www.primefaces.org/poseidon/invalidstate.html]
[www.primefaces.org/poseidon/button.html]
[www.primefaces.org/poseidon/table.html]
[www.primefaces.org/poseidon/list.html]
[www.primefaces.org/poseidon/tree.html]
[www.primefaces.org/poseidon/panel.html]
[www.primefaces.org/poseidon/overlay.html]
[www.primefaces.org/poseidon/menu.html]
[www.primefaces.org/poseidon/messages.html]
[www.primefaces.org/poseidon/file.html]
[www.primefaces.org/poseidon/charts.html]
[www.primefaces.org/poseidon/misc.html]
[www.primefaces.org/poseidon/display.html]
[www.primefaces.org/poseidon/elevation.html]
[www.primefaces.org/poseidon/flexbox.html]
[www.primefaces.org/poseidon/icons.html]
[www.primefaces.org/poseidon/text.html]
[www.primefaces.org/poseidon/widgets.html]
[www.primefaces.org/poseidon/grid.html]
[www.primefaces.org/poseidon/spacing.html]
[www.primefaces.org/poseidon/typography.html]
[www.primefaces.org/poseidon/crud.html]
[www.primefaces.org/poseidon/calendar.html]
[www.primefaces.org/poseidon/chronoline.html]
[www.primefaces.org/poseidon/landing.html]
[www.primefaces.org/poseidon/login.html]
[www.primefaces.org/poseidon/invoice.html]
[www.primefaces.org/poseidon/help.html]
[www.primefaces.org/poseidon/error.html]
[www.primefaces.org/poseidon/notfound.html]
[www.primefaces.org/poseidon/access.html]
[www.primefaces.org/poseidon/empty.html]
[www.primefaces.org/poseidon/documentation.html]
[www.primefaces.org/poseidon/javax.faces.resource/images/dashboard/avatar-dengra.png9b08.png]
[www.primefaces.org/poseidon/javax.faces.resource/images/dashboard/avatar-conan.png9b08.png]
[www.primefaces.org/poseidon/javax.faces.resource/images/dashboard/seller-1.png9b08.png]
[www.primefaces.org/poseidon/javax.faces.resource/images/dashboard/image-product-1.png9b08.png]
[www.primefaces.org/poseidon/javax.faces.resource/images/dashboard/image-product-2.png9b08.png]
[www.primefaces.org/poseidon/javax.faces.resource/images/dashboard/image-product-3.png9b08.png]
[www.primefaces.org/poseidon/javax.faces.resource/images/dashboard/image-product-4.png9b08.png]
[www.primefaces.org/poseidon/javax.faces.resource/images/dashboard/image-product-5.png9b08.png]
[www.primefaces.org/poseidon/javax.faces.resource/images/dashboard/seller-2.png9b08.png]
[www.primefaces.org/poseidon/javax.faces.resource/images/dashboard/seller-3.png9b08.png]
[www.primefaces.org/poseidon/javax.faces.resource/images/dashboard/seller-4.png9b08.png]
[www.primefaces.org/poseidon/dashboard.xhtml;jsessionid=node01m2zevqt1qflfu4yhsdcf78b21042203.html]
[www.primefaces.org/poseidon/formlayout.xhtml;jsessionid=node01m2zevqt1qflfu4yhsdcf78b21042203.html]
[www.primefaces.org/poseidon/javax.faces.resource/inputmask/inputmask.jsced1.xhtml]
[www.primefaces.org/poseidon/javax.faces.resource/datepicker/datepicker.jsced1.xhtml]
[www.primefaces.org/poseidon/javax.faces.resource/keyboard/keyboard.cssced1.css]
[www.primefaces.org/poseidon/javax.faces.resource/keyboard/keyboard.jsced1.xhtml]
[www.primefaces.org/poseidon/javax.faces.resource/colorpicker/colorpicker.cssced1.css]
[www.primefaces.org/poseidon/input.xhtml;jsessionid=node01m2zevqt1qflfu4yhsdcf78b21042203.html]
[www.primefaces.org/poseidon/javax.faces.resource/colorpicker/colorpicker.jsced1.xhtml]
[www.primefaces.org/poseidon/floatlabel.xhtml;jsessionid=node01m2zevqt1qflfu4yhsdcf78b21042203.html]
[www.primefaces.org/poseidon/invalidstate.xhtml;jsessionid=node01m2zevqt1qflfu4yhsdcf78b21042203.html]
[www.primefaces.org/poseidon/button.xhtml;jsessionid=node01m2zevqt1qflfu4yhsdcf78b21042203.html]
[www.primefaces.org/poseidon/javax.faces.resource/inputnumber/inputnumber.jsced1.xhtml]
[www.primefaces.org/poseidon/javax.faces.resource/css/flags/flags.css9b08.css]
[www.primefaces.org/poseidon/javax.faces.resource/images/avatar/bernardodominic.png9b08.png]
[www.primefaces.org/poseidon/javax.faces.resource/images/avatar/asiyajavayant.png9b08.png]
[www.primefaces.org/poseidon/javax.faces.resource/images/avatar/annafali.png9b08.png]
[www.primefaces.org/poseidon/javax.faces.resource/images/avatar/ionibowcher.png9b08.png]
[www.primefaces.org/poseidon/javax.faces.resource/images/avatar/ivanmagalhaes.png9b08.png]
[www.primefaces.org/poseidon/javax.faces.resource/images/avatar/amyelsner.png9b08.png]
[www.primefaces.org/poseidon/javax.faces.resource/images/avatar/onyamalimba.png9b08.png]
[www.primefaces.org/poseidon/javax.faces.resource/images/avatar/elwinsharvill.png9b08.png]
[www.primefaces.org/poseidon/javax.faces.resource/images/avatar/xuxuefeng.png9b08.png]
[www.primefaces.org/poseidon/javax.faces.resource/images/avatar/stephenshaw.png9b08.png]
[www.primefaces.org/poseidon/javax.faces.resource/demo/images/product/bamboo-watch.jpg.jpg]
[www.primefaces.org/poseidon/javax.faces.resource/demo/images/product/black-watch.jpg.jpg]
[www.primefaces.org/poseidon/javax.faces.resource/demo/images/product/blue-band.jpg.jpg]
[www.primefaces.org/poseidon/javax.faces.resource/demo/images/product/blue-t-shirt.jpg.jpg]
[www.primefaces.org/poseidon/javax.faces.resource/demo/images/product/bracelet.jpg.jpg]
[www.primefaces.org/poseidon/javax.faces.resource/demo/images/product/brown-purse.jpg.jpg]
[www.primefaces.org/poseidon/javax.faces.resource/demo/images/product/chakra-bracelet.jpg.jpg]
[www.primefaces.org/poseidon/javax.faces.resource/demo/images/product/galaxy-earrings.jpg.jpg]
[www.primefaces.org/poseidon/javax.faces.resource/demo/images/product/game-controller.jpg.jpg]
[www.primefaces.org/poseidon/javax.faces.resource/demo/images/product/gaming-set.jpg.jpg]
[www.primefaces.org/poseidon/table.xhtml;jsessionid=node01m2zevqt1qflfu4yhsdcf78b21042203.html]
[www.primefaces.org/poseidon/javax.faces.resource/images/product/bamboo-watch.jpg9b08.jpg]
[www.primefaces.org/poseidon/javax.faces.resource/images/product/black-watch.jpg9b08.jpg]
[www.primefaces.org/poseidon/javax.faces.resource/images/product/blue-band.jpg9b08.jpg]
[www.primefaces.org/poseidon/javax.faces.resource/images/product/blue-t-shirt.jpg9b08.jpg]
[www.primefaces.org/poseidon/javax.faces.resource/images/product/bracelet.jpg9b08.jpg]
[www.primefaces.org/poseidon/javax.faces.resource/images/product/brown-purse.jpg9b08.jpg]
[www.primefaces.org/poseidon/javax.faces.resource/images/product/chakra-bracelet.jpg9b08.jpg]
[www.primefaces.org/poseidon/javax.faces.resource/images/product/galaxy-earrings.jpg9b08.jpg]
[www.primefaces.org/poseidon/javax.faces.resource/images/product/game-controller.jpg9b08.jpg]
[www.primefaces.org/poseidon/javax.faces.resource/images/product/gaming-set.jpg9b08.jpg]
[www.primefaces.org/poseidon/javax.faces.resource/images/product/gold-phone-case.jpg9b08.jpg]
[www.primefaces.org/poseidon/javax.faces.resource/images/product/green-earbuds.jpg9b08.jpg]
[www.primefaces.org/poseidon/list.xhtml;jsessionid=node01m2zevqt1qflfu4yhsdcf78b21042203.html]
[www.primefaces.org/poseidon/tree.xhtml;jsessionid=node01m2zevqt1qflfu4yhsdcf78b21042203.html]
[www.primefaces.org/poseidon/panel.xhtml;jsessionid=node01m2zevqt1qflfu4yhsdcf78b21042203.html]
[www.primefaces.org/poseidon/javax.faces.resource/demo/images/nature/nature9.jpg.jpg]
[www.primefaces.org/poseidon/overlay.xhtml;jsessionid=node01m2zevqt1qflfu4yhsdcf78b21042203.html]
[www.primefaces.org/poseidon/menu8a8f.html]
[www.primefaces.org/poseidon/menu9a04.html]
[www.primefaces.org/poseidon/menu45d3.html]
[www.primefaces.org/poseidon/menu4070.html]
[www.primefaces.org/poseidon/menu.xhtml;jsessionid=node01m2zevqt1qflfu4yhsdcf78b21042203.html]
[www.primefaces.org/poseidon/messages.xhtml;jsessionid=node01m2zevqt1qflfu4yhsdcf78b21042203.html]
[www.primefaces.org/poseidon/menufd28.html]
[www.primefaces.org/poseidon/javax.faces.resource/fileupload/fileupload.cssced1.css]
[www.primefaces.org/poseidon/file.xhtml;jsessionid=node01m2zevqt1qflfu4yhsdcf78b21042203.html]
[www.primefaces.org/poseidon/javax.faces.resource/fileupload/fileupload.jsced1.xhtml]
[www.primefaces.org/poseidon/charts.xhtml;jsessionid=node01m2zevqt1qflfu4yhsdcf78b21042203.html]
[www.primefaces.org/poseidon/javax.faces.resource/moment/moment.jsced1.xhtml]
[www.primefaces.org/poseidon/javax.faces.resource/scrollpanel/scrollpanel.cssced1.css]
[www.primefaces.org/poseidon/javax.faces.resource/chartjs/chartjs.jsced1.xhtml]
[www.primefaces.org/poseidon/javax.faces.resource/scrollpanel/scrollpanel.jsced1.xhtml]
[www.primefaces.org/poseidon/resources/demo/images/avatar/amyelsner77e1.png]
[www.primefaces.org/poseidon/resources/demo/images/avatar/asiyajavayant77e1.png]
[www.primefaces.org/poseidon/resources/demo/images/avatar/onyamalimba77e1.png]
[www.primefaces.org/poseidon/resources/demo/images/avatar/ionibowcher77e1.png]
[www.primefaces.org/poseidon/resources/demo/images/avatar/xuxuefeng77e1.png]
[www.primefaces.org/poseidon/resources/demo/images/avatar/amyelsner.png]
[www.primefaces.org/poseidon/resources/demo/images/avatar/asiyajavayant.png]
[www.primefaces.org/poseidon/resources/demo/images/avatar/onyamalimba.png]
[www.primefaces.org/poseidon/resources/demo/images/avatar/xuxuefeng.png]
[www.primefaces.org/poseidon/misc.xhtml;jsessionid=node01m2zevqt1qflfu4yhsdcf78b21042203.html]
[www.primefaces.org/poseidon/display.xhtml;jsessionid=node01m2zevqt1qflfu4yhsdcf78b21042203.html]
[www.primefaces.org/poseidon/elevation.xhtml;jsessionid=node01m2zevqt1qflfu4yhsdcf78b21042203.html]
[www.primefaces.org/poseidon/flexbox.xhtml;jsessionid=node01m2zevqt1qflfu4yhsdcf78b21042203.html]
[www.primefaces.org/poseidon/icons.xhtml;jsessionid=node01m2zevqt1qflfu4yhsdcf78b21042203.html]
[www.primefaces.org/poseidon/text.xhtml;jsessionid=node01m2zevqt1qflfu4yhsdcf78b21042203.html]
[www.primefaces.org/poseidon/setup.html]
[www.primefaces.org/poseidon/javax.faces.resource/images/pages/avatar-chat-1.png9faa.png]
[www.primefaces.org/poseidon/javax.faces.resource/images/pages/avatar-chat-2.png9faa.png]
[www.primefaces.org/poseidon/javax.faces.resource/images/pages/avatar-profil.png9faa.png]
[www.primefaces.org/poseidon/widgets.xhtml;jsessionid=node01m2zevqt1qflfu4yhsdcf78b21042203.html]
[www.primefaces.org/poseidon/grid.xhtml;jsessionid=node01m2zevqt1qflfu4yhsdcf78b21042203.html]
[www.primefaces.org/poseidon/spacing.xhtml;jsessionid=node01m2zevqt1qflfu4yhsdcf78b21042203.html]
[www.primefaces.org/poseidon/typography.xhtml;jsessionid=node01m2zevqt1qflfu4yhsdcf78b21042203.html]
[www.primefaces.org/poseidon/javax.faces.resource/filedownload/filedownload.jsced1.xhtml]
[www.primefaces.org/poseidon/javax.faces.resource/images/product/headphones.jpg9b08.jpg]
[www.primefaces.org/poseidon/javax.faces.resource/images/product/pink-purse.jpg9b08.jpg]
[www.primefaces.org/poseidon/javax.faces.resource/images/product/purple-gemstone-necklace.jpg9b08.jpg]
[www.primefaces.org/poseidon/javax.faces.resource/images/product/sneakers.jpg9b08.jpg]
[www.primefaces.org/poseidon/javax.faces.resource/images/product/light-green-t-shirt.jpg9b08.jpg]
[www.primefaces.org/poseidon/javax.faces.resource/images/product/shoes.jpg9b08.jpg]
[www.primefaces.org/poseidon/javax.faces.resource/images/product/lime-band.jpg9b08.jpg]
[www.primefaces.org/poseidon/javax.faces.resource/images/product/mini-speakers.jpg9b08.jpg]
[www.primefaces.org/poseidon/crud.xhtml;jsessionid=node01m2zevqt1qflfu4yhsdcf78b21042203.html]
[www.primefaces.org/poseidon/javax.faces.resource/schedule/schedule.cssced1.css]
[www.primefaces.org/poseidon/calendar.xhtml;jsessionid=node01m2zevqt1qflfu4yhsdcf78b21042203.html]
[www.primefaces.org/poseidon/javax.faces.resource/moment/moment-timezone-with-data.jsced1.xhtml]
[www.primefaces.org/poseidon/javax.faces.resource/schedule/schedule.jsced1.xhtml]
[www.primefaces.org/poseidon/resources/demo/images/product/game-controller77e1.jpg]
[www.primefaces.org/poseidon/chronoline.xhtml;jsessionid=node01m2zevqt1qflfu4yhsdcf78b21042203.html]
[www.primefaces.org/poseidon/javax.faces.resource/images/logo-poseidon-dark.png9faa.png]
[www.primefaces.org/poseidon/landing.xhtml;jsessionid=node01m2zevqt1qflfu4yhsdcf78b21042203.html]
[www.primefaces.org/poseidon/login.xhtml;jsessionid=node01m2zevqt1qflfu4yhsdcf78b21042203.html]
[www.primefaces.org/poseidon/javax.faces.resource/printer/printer.jsced1.xhtml]
[www.primefaces.org/poseidon/invoice.xhtml;jsessionid=node01m2zevqt1qflfu4yhsdcf78b21042203.html]
[www.primefaces.org/poseidon/help.xhtml;jsessionid=node01m2zevqt1qflfu4yhsdcf78b21042203.html]
[www.primefaces.org/poseidon/javax.faces.resource/images/icon-error.png9faa.png]
[www.primefaces.org/poseidon/error.xhtml;jsessionid=node01m2zevqt1qflfu4yhsdcf78b21042203.html]
[www.primefaces.org/poseidon/javax.faces.resource/images/icon-404.png9faa.png]
[www.primefaces.org/poseidon/notfound.xhtml;jsessionid=node01m2zevqt1qflfu4yhsdcf78b21042203.html]
[www.primefaces.org/poseidon/javax.faces.resource/images/icon-access.png9faa.png]
[www.primefaces.org/poseidon/access.xhtml;jsessionid=node01m2zevqt1qflfu4yhsdcf78b21042203.html]
[www.primefaces.org/poseidon/empty.xhtml;jsessionid=node01m2zevqt1qflfu4yhsdcf78b21042203.html]
[www.primefaces.org/poseidon/documentation.xhtml;jsessionid=node01m2zevqt1qflfu4yhsdcf78b21042203.html]
[www.primefaces.org/poseidon/javax.faces.resource/primeicons/primeicons.svg3660.svg]
[www.primefaces.org/poseidon/javax.faces.resource/fa/fontawesome-webfont.eotbc29.html]
[www.primefaces.org/poseidon/javax.faces.resource/fa/fontawesome-webfont.svg9482.svg]
[www.primefaces.org/poseidon/javax.faces.resource/icons/primeicons.svg9faa.svg]
[www.primefaces.org/poseidon/javax.faces.resource/fonts/open-sans-v18-latin-ext_latin-300.eotb46f.xhtml]
[www.primefaces.org/poseidon/javax.faces.resource/fonts/open-sans-v18-latin-ext_latin-300.svg9faa.svg]
[www.primefaces.org/poseidon/javax.faces.resource/fonts/open-sans-v18-latin-ext_latin-regular.eotb46f.xhtml]
[www.primefaces.org/poseidon/javax.faces.resource/fonts/open-sans-v18-latin-ext_latin-regular.svg9faa.svg]
[www.primefaces.org/poseidon/javax.faces.resource/fonts/open-sans-v18-latin-ext_latin-600.eotb46f.xhtml]
[www.primefaces.org/poseidon/javax.faces.resource/fonts/open-sans-v18-latin-ext_latin-600.svg9faa.svg]
[www.primefaces.org/poseidon/javax.faces.resource/fonts/open-sans-v18-latin-ext_latin-700.eotb46f.xhtml]
[www.primefaces.org/poseidon/javax.faces.resource/fonts/open-sans-v18-latin-ext_latin-700.svg9faa.svg]
[www.primefaces.org/poseidon/javax.faces.resource/theme.cssb235.css]
[www.primefaces.org/poseidon/javax.faces.resource/primeicons/primeicons.cssced1.css]
[www.primefaces.org/poseidon/javax.faces.resource/fa/font-awesome.cssced1.css]
[www.primefaces.org/poseidon/javax.faces.resource/components.cssced1.css]
[www.primefaces.org/poseidon/javax.faces.resource/inputswitch/inputswitch.cssced1.css]
[www.primefaces.org/poseidon/javax.faces.resource/css/primeflex.min.css9faa.css]
[www.primefaces.org/poseidon/javax.faces.resource/css/primeicons.css9faa.css]
[www.primefaces.org/poseidon/javax.faces.resource/css/demo-light.css9b08.css]
[www.primefaces.org/poseidon/javax.faces.resource/css/layout-light.css9faa.css]
[www.primefaces.org/poseidon/dashboard.html]
[www.primefaces.org/poseidon/formlayout.html]
[www.primefaces.org/poseidon/input.html]
[www.primefaces.org/poseidon/floatlabel.html]
[www.primefaces.org/poseidon/invalidstate.html]
[www.primefaces.org/poseidon/button.html]
[www.primefaces.org/poseidon/table.html]
[www.primefaces.org/poseidon/list.html]
[www.primefaces.org/poseidon/tree.html]
[www.primefaces.org/poseidon/panel.html]
[www.primefaces.org/poseidon/overlay.html]
[www.primefaces.org/poseidon/menu.html]
[www.primefaces.org/poseidon/messages.html]
[www.primefaces.org/poseidon/file.html]
[www.primefaces.org/poseidon/charts.html]
[www.primefaces.org/poseidon/misc.html]
[www.primefaces.org/poseidon/display.html]
[www.primefaces.org/poseidon/elevation.html]
[www.primefaces.org/poseidon/flexbox.html]
[www.primefaces.org/poseidon/icons.html]
[www.primefaces.org/poseidon/text.html]
[www.primefaces.org/poseidon/widgets.html]
[www.primefaces.org/poseidon/grid.html]
[www.primefaces.org/poseidon/spacing.html]
[www.primefaces.org/poseidon/typography.html]
[www.primefaces.org/poseidon/javax.faces.resource/images/product/yoga-mat.jpg9b08.jpg]
[www.primefaces.org/poseidon/javax.faces.resource/images/product/painted-phone-case.jpg9b08.jpg]
[www.primefaces.org/poseidon/javax.faces.resource/images/product/pink-band.jpg9b08.jpg]
[www.primefaces.org/poseidon/javax.faces.resource/images/product/yoga-set.jpg9b08.jpg]
[www.primefaces.org/poseidon/crud.html]
[www.primefaces.org/poseidon/calendar.html]
[www.primefaces.org/poseidon/chronoline.html]
[www.primefaces.org/poseidon/landing.html]
[www.primefaces.org/poseidon/login.html]
[www.primefaces.org/poseidon/invoice.html]
[www.primefaces.org/poseidon/help.html]
[www.primefaces.org/poseidon/error.html]
[www.primefaces.org/poseidon/notfound.html]
[www.primefaces.org/poseidon/access.html]
[www.primefaces.org/poseidon/empty.html]
[www.primefaces.org/poseidon/documentation.html]
[www.primefaces.org/poseidon/javax.faces.resource/keyboard/keyboard.cssced1.css]
[www.primefaces.org/poseidon/javax.faces.resource/colorpicker/images/colorpicker_background.pngced1.png]
[www.primefaces.org/poseidon/javax.faces.resource/colorpicker/images/colorpicker_overlay.pngced1.png]
[www.primefaces.org/poseidon/javax.faces.resource/colorpicker/images/colorpicker_select.gifced1.gif]
[www.primefaces.org/poseidon/javax.faces.resource/colorpicker/images/colorpicker_indic.gifced1.gif]
[www.primefaces.org/poseidon/javax.faces.resource/colorpicker/images/colorpicker_hex.pngced1.png]
[www.primefaces.org/poseidon/javax.faces.resource/colorpicker/images/colorpicker_rgb_r.pngced1.png]
[www.primefaces.org/poseidon/javax.faces.resource/colorpicker/images/colorpicker_rgb_g.pngced1.png]
[www.primefaces.org/poseidon/javax.faces.resource/colorpicker/images/colorpicker_rgb_b.pngced1.png]
[www.primefaces.org/poseidon/javax.faces.resource/colorpicker/images/colorpicker_hsb_h.pngced1.png]
[www.primefaces.org/poseidon/javax.faces.resource/colorpicker/images/colorpicker_hsb_s.pngced1.png]
[www.primefaces.org/poseidon/javax.faces.resource/colorpicker/images/colorpicker_hsb_b.pngced1.png]
[www.primefaces.org/poseidon/javax.faces.resource/colorpicker/colorpicker.cssced1.css]
[www.primefaces.org/poseidon/javax.faces.resource/inputnumber/inputnumber.cssced1.css]
[www.primefaces.org/poseidon/javax.faces.resource/css/flags/flags.css9b08.css]
[www.primefaces.org/poseidon/menu8a8f.html]
[www.primefaces.org/poseidon/menu9a04.html]
[www.primefaces.org/poseidon/menu45d3.html]
[www.primefaces.org/poseidon/menu4070.html]
[www.primefaces.org/poseidon/menufd28.html]
[www.primefaces.org/poseidon/javax.faces.resource/fileupload/progressbar.gifced1.gif]
[www.primefaces.org/poseidon/javax.faces.resource/fileupload/fileupload.cssced1.css]
[www.primefaces.org/poseidon/javax.faces.resource/scrollpanel/scrollpanel.cssced1.css]
[www.primefaces.org/poseidon/setup.html]
[www.primefaces.org/poseidon/javax.faces.resource/schedule/schedule.cssced1.css]
[www.primefaces.org/poseidon/javax.faces.resource/images/landing/asset-hero-2.svg9faa.svg]
[www.primefaces.org/poseidon/javax.faces.resource/images/landing/responsive.svg9faa.svg]
[www.primefaces.org/poseidon/javax.faces.resource/images/landing/design.svg9faa.svg]
[www.primefaces.org/poseidon/javax.faces.resource/images/landing/documented.svg9faa.svg]
[www.primefaces.org/poseidon/javax.faces.resource/images/landing/code.svg9faa.svg]
[www.primefaces.org/poseidon/javax.faces.resource/images/landing/darkMode.svg9faa.svg]
[www.primefaces.org/poseidon/javax.faces.resource/images/logo-poseidon-dark.svg9faa.svg]
[www.primefaces.org/poseidon/javax.faces.resource/images/logo.svg9faa.svg]
